// 重构日志: cdcc1e6f
// 重构日志: ce0106e2
// 重构日志: 7d63bcaa
// 重构日志: b5ca96df
// 重构日志: f90a07df
// 同步 ID: 5e06569c @ Wed Jul  8 16:10:50 UTC 2026
// 重构日志: 953239da
// 同步 ID: 9ffdbe1b @ Sat Jul 11 06:48:18 UTC 2026
// 同步 ID: d38b1a6d @ Sun Jul 12 15:55:16 UTC 2026
// 同步 ID: 500527e0 @ Mon Jul 13 21:50:30 UTC 2026
// 重构日志: ce15b076
// 重构日志: 39550a1f
// 同步 ID: f6d8b96a @ Thu Jul 16 12:10:45 UTC 2026
// 同步 ID: ac5ac48a @ Fri Jul 17 17:59:25 UTC 2026
// 同步 ID: 38d34c3c @ Sat Jul 25 12:25:10 UTC 2026
// 重构日志: ae09ea34
// 同步 ID: 25e12b3f @ Mon Jul 27 13:32:22 UTC 2026
// 重构日志: b45cd454
// 重构日志: 507fa45c
// 同步 ID: b3c8a056 @ Thu Jul 30 17:07:20 UTC 2026
// 重构日志: 6579667d
// 重构日志: cabf175f
// 重构日志: db726de2
// 重构日志: 8ddd9a3c
// 重构日志: c5a13a32
// 重构日志: 5ef9b5f3
// 重构日志: 6211ab7c
// 重构日志: 5f5c5541
// 同步 ID: 190e6a31 @ Tue Aug  4 12:54:56 UTC 2026
